// Jest Snapshot v1, https://goo.gl/fbAQLP

exports[`InputCredentialsForRegister for Login should render the InputCredentialsForRegister component 1`] = `
<div
  className="inputForm"
>
  <div
    className="heading"
  >
    <h1>
      Register to your CMS+ Account
    </h1>
  </div>
  <div
    className="emailInput"
  >
    <label
      htmlFor=""
    >
      Email
    </label>
    <input
      id="email"
      name="email"
      onChange={[Function]}
      type="email"
    />
  </div>
  <div
    className="passwordInput"
  >
    <label
      htmlFor=""
    >
      Password
    </label>
    <input
      id="password"
      name="password"
      onChange={[Function]}
      type="password"
    />
  </div>
  <div
    className="submitBtn"
  >
    <button
      onClick={[Function]}
      type="button"
    >
      Register
    </button>
    <a
      href=""
    >
      Forgot Password?
    </a>
    <a
      className="other-Option"
      href=""
      onClick={[Function]}
    >
      Login Instead
    </a>
  </div>
</div>
`;
